chmod: changing permissions of 'robot_news_station.py': Operation not permitte

